// Jest Snapshot v1, https://goo.gl/fbAQLP

exports[`TopBarComponent should create 1`] = `TopBarComponent {}`;
